export const snapshot = {};

snapshot[`getCodeFiles() 1`] = `
[
  {
    dir: "https://scrapbox.io/api/code/villagepump/%E3%83%AA%E3%83%B3%E3%82%AF%E3%82%92%E5%87%BA%E5%85%B8%E3%82%A2%E3%82%A4%E3%82%B3%E3%83%B3%E3%81%AB%E3%81%99%E3%82%8BUserCSS",
    filename: "style.css",
    lang: "css",
    lines: [
      ".line .deco-\\\\. {",
      "  font-size: .8em;",
      "  position: relative;",
      "  top: -0.5em;",
      "}",
      ".line:not(.cursor-line) .deco-\\\\. a:is(.page-link:not(.icon), .link) span:not(.empty-char-index) + span + span ~ span {",
      "  display: inline-block;",
      "  width: 0;",
      "  text-indent: -9999px;",
      "}",
      ".line:not(.cursor-line) .deco-\\\\. .page-link:not(.icon) span.empty-char-index ~ span.char-index {",
      "  display: inherit;",
      "  width: inherit;",
      "  text-indent: inherit;",
      "}",
      "",
      ".line:not(.cursor-line) .deco-\\\\. a.page-link:not(.icon) span.empty-char-index + span::before {",
      '  content: "#";',
      "}",
      "",
      ".line .deco-\\\\. :is(.page-link:not(.icon), .link)::before {",
      "  display: inline-block;",
      "  min-width: 1.15em;",
      "  padding-left: 1px;",
      "  /* padding: 0 1px; */",
      '  font-family: "Font Awesome 5 Free","Font Awesome 5 Brands";',
      "  text-align: center;",
      "  vertical-align: middle;",
      "  font-weight: 900;",
      '  content: "\\\\f02d";',
      "}",
      "",
      "/* 斜体を取り消す */",
      ".line .deco-\\\\..deco-\\\\/ {",
      "  font-style: initial;",
      "}",
      ".line .deco-\\\\..deco-\\\\/ :is(.page-link:not(.icon), .link)::before {",
      "  font-weight: 400;",
      '  content: "\\\\f15c";',
      "}",
    ],
    startIds: [
      "61596b221280f000007378f1",
      "6157ea821280f00000ad879f",
      "61580c691280f0000097e632",
      "61fe4ade1280f00000a67ccc",
      "61580c881280f0000097e634",
      "61fe3ffd1280f000008faa49",
    ],
  },
  {
    dir: "https://scrapbox.io/api/code/villagepump/%E3%83%AA%E3%83%B3%E3%82%AF%E3%82%92%E5%87%BA%E5%85%B8%E3%82%A2%E3%82%A4%E3%82%B3%E3%83%B3%E3%81%AB%E3%81%99%E3%82%8BUserCSS",
    filename: "style.css.disabled(css)",
    lang: "disabled(css)",
    lines: [
      ".line:not(.cursor-line) .deco-\\\\.::before {",
      '  content: "(";',
      "}",
      ".line:not(.cursor-line) .deco-\\\\.::after {",
      '  content: ")";',
      "}",
    ],
    startIds: [
      "61596b3d1280f0000073793a",
    ],
  },
  {
    dir: "https://scrapbox.io/api/code/villagepump/%E3%83%AA%E3%83%B3%E3%82%AF%E3%82%92%E5%87%BA%E5%85%B8%E3%82%A2%E3%82%A4%E3%82%B3%E3%83%B3%E3%81%AB%E3%81%99%E3%82%8BUserCSS",
    filename: "差分.diff",
    lang: "diff",
    lines: [
      "+ .line:not(.cursor-line) .deco-\\\\. a:is(.page-link:not(.icon), .link) span:not(.empty-char-index) + span + span ~ span {",
      "- .line:not(.cursor-line) .deco-\\\\. a:is(.page-link:not(.icon), .link) span {",
    ],
    startIds: [
      "61fe4a9b1280f00000a67cbd",
    ],
  },
  {
    dir: "https://scrapbox.io/api/code/villagepump/%E3%83%AA%E3%83%B3%E3%82%AF%E3%82%92%E5%87%BA%E5%85%B8%E3%82%A2%E3%82%A4%E3%82%B3%E3%83%B3%E3%81%AB%E3%81%99%E3%82%8BUserCSS",
    filename: "差分2.diff",
    lang: "diff",
    lines: [
      "+ .line:not(.cursor-line) .deco-\\\\. .page-link:not(.icon) span.empty-char-index ~ span.char-index {",
      "- .line:not(.cursor-line) .deco-\\\\. a.page-link:not(.icon) span.empty-char-index ~ span {",
    ],
    startIds: [
      "61fe4af31280f00000a67cd2",
    ],
  },
]
`;
